2026-04-07 10:13:39.859 | INFO     | myoconverter.O2MPipeline:O2MPipeline:52 - Start the conversion pipeline for : leg6dof9musc
2026-04-07 10:13:39.859 | INFO     | myoconverter.O2MPipeline:coordinate_kwargs:75 - Coordinate the input configurations, remove conflicts.
2026-04-07 10:13:39.859 | INFO     | myoconverter.O2MPipeline:coordinate_kwargs:86 -    Checking configurations for step 2 conversion.
2026-04-07 10:13:39.859 | INFO     | myoconverter.O2MPipeline:coordinate_kwargs:103 -        All good now.
2026-04-07 10:13:39.859 | INFO     | myoconverter.O2MPipeline:coordinate_kwargs:119 -    Checking configurations for step 3 conversion.
2026-04-07 10:13:39.859 | INFO     | myoconverter.O2MPipeline:coordinate_kwargs:136 -        All good now.
2026-04-07 10:13:39.859 | INFO     | myoconverter.conversion_steps.O2MSteps:__init__:84 - Given OpenSim model file: ./models/osim/Leg6Dof9Musc/leg6dof9musc.osim
2026-04-07 10:13:39.859 | INFO     | myoconverter.conversion_steps.O2MSteps:__init__:85 - Reading mesh files from folder ./models/osim/Leg6Dof9Musc/Geometry
2026-04-07 10:13:39.860 | INFO     | myoconverter.conversion_steps.O2MSteps:__init__:86 - Converted model will be saved in folder ./models/mjc/Leg6Dof9Musc
2026-04-07 10:13:39.860 | INFO     | myoconverter.conversion_steps.O2MSteps:PipelineExecution:124 - Started step 1 conversion - cvt1.
2026-04-07 10:13:40.173 | INFO     | myoconverter.xml.converter:convert:40 - Commencing the conversion procedure!
2026-04-07 10:13:40.173 | INFO     | myoconverter.xml.converter:_parse_ground:138 - Parsing the ground
2026-04-07 10:13:40.173 | INFO     | myoconverter.xml.parsers:parse:59 - [BodyParser: Ground] ground
2026-04-07 10:13:40.174 | INFO     | myoconverter.xml.converter:_parse_constraints:147 - Starting to parse constraints
2026-04-07 10:13:40.174 | INFO     | myoconverter.xml.parsers:parse:59 - [ConstraintParser: CoordinateCouplerConstraint] pat_angle_r
2026-04-07 10:13:40.174 | INFO     | myoconverter.xml.converter:_parse_bodies_and_joints:80 - Starting to parse bodies, wrapping objects, and joints
2026-04-07 10:13:40.175 | INFO     | myoconverter.xml.parsers:parse:59 - [BodyParser: Body] pelvis
2026-04-07 10:13:40.192 | INFO     | myoconverter.xml.parsers:parse:59 - [JointParser: CustomJoint] ground_pelvis
2026-04-07 10:13:40.193 | INFO     | myoconverter.xml.parsers:parse:59 - [BodyParser: Body] femur_r
2026-04-07 10:13:40.199 | INFO     | myoconverter.xml.parsers:parse:59 - [JointParser: CustomJoint] hip_r
2026-04-07 10:13:40.200 | INFO     | myoconverter.xml.parsers:parse:59 - [BodyParser: Body] tibia_r
2026-04-07 10:13:40.208 | INFO     | myoconverter.xml.parsers:parse:59 - [JointParser: CustomJoint] knee_r
2026-04-07 10:13:40.359 | INFO     | myoconverter.xml.parsers:parse:59 - [BodyParser: Body] patella_r
2026-04-07 10:13:40.364 | INFO     | myoconverter.xml.parsers:parse:59 - [JointParser: CustomJoint] tib_pat_r
2026-04-07 10:13:40.628 | INFO     | myoconverter.xml.parsers:parse:59 - [BodyParser: Body] talus_r
2026-04-07 10:13:40.633 | INFO     | myoconverter.xml.parsers:parse:59 - [JointParser: CustomJoint] ankle_r
2026-04-07 10:13:40.634 | INFO     | myoconverter.xml.parsers:parse:59 - [BodyParser: Body] calcn_r
2026-04-07 10:13:40.646 | INFO     | myoconverter.xml.parsers:parse:59 - [JointParser: WeldJoint] subtalar_r
2026-04-07 10:13:40.646 | INFO     | myoconverter.xml.parsers:parse:59 - [BodyParser: Body] toes_r
2026-04-07 10:13:40.656 | INFO     | myoconverter.xml.parsers:parse:59 - [JointParser: WeldJoint] mtp_r
2026-04-07 10:13:40.656 | INFO     | myoconverter.xml.converter:_parse_forces:156 - Starting to parse forces, including path points and wrap paths
2026-04-07 10:13:40.656 | INFO     | myoconverter.xml.parsers:parse:59 - [ForceParser: Thelen2003Muscle] bifemlh_r
2026-04-07 10:13:40.657 | INFO     | myoconverter.xml.parsers:parse:59 - [PathPointParser: PathPoint] bifemlh_r-P1
2026-04-07 10:13:40.657 | INFO     | myoconverter.xml.parsers:parse:59 - [PathPointParser: PathPoint] bifemlh_r-P2
2026-04-07 10:13:40.657 | INFO     | myoconverter.xml.parsers:parse:59 - [PathPointParser: PathPoint] bifemlh_r-P3
2026-04-07 10:13:40.657 | INFO     | myoconverter.xml.parsers:parse:59 - [PathWrapSetParser: PathWrapSet] 
2026-04-07 10:13:40.657 | INFO     | myoconverter.xml.parsers:parse:59 - [ForceParser: Thelen2003Muscle] bifemsh_r
2026-04-07 10:13:40.657 | INFO     | myoconverter.xml.parsers:parse:59 - [PathPointParser: PathPoint] bifemsh_r-P1
2026-04-07 10:13:40.657 | INFO     | myoconverter.xml.parsers:parse:59 - [PathPointParser: PathPoint] bifemsh_r-P2
2026-04-07 10:13:40.657 | INFO     | myoconverter.xml.parsers:parse:59 - [PathPointParser: PathPoint] bifemsh_r-P3
2026-04-07 10:13:40.657 | INFO     | myoconverter.xml.parsers:parse:59 - [PathWrapSetParser: PathWrapSet] 
2026-04-07 10:13:40.657 | INFO     | myoconverter.xml.parsers:parse:59 - [ForceParser: Thelen2003Muscle] glut_max2_r
2026-04-07 10:13:40.658 | INFO     | myoconverter.xml.parsers:parse:59 - [PathPointParser: PathPoint] glut_max2_r-P1
2026-04-07 10:13:40.658 | INFO     | myoconverter.xml.parsers:parse:59 - [PathPointParser: PathPoint] glut_max2_r-P2
2026-04-07 10:13:40.658 | INFO     | myoconverter.xml.parsers:parse:59 - [PathPointParser: PathPoint] glut_max2_r-P3
2026-04-07 10:13:40.658 | INFO     | myoconverter.xml.parsers:parse:59 - [PathPointParser: PathPoint] glut_max2_r-P4
2026-04-07 10:13:40.658 | INFO     | myoconverter.xml.parsers:parse:59 - [PathWrapSetParser: PathWrapSet] 
2026-04-07 10:13:40.658 | INFO     | myoconverter.xml.parsers:parse:59 - [ForceParser: Thelen2003Muscle] psoas_r
2026-04-07 10:13:40.658 | INFO     | myoconverter.xml.parsers:parse:59 - [PathPointParser: PathPoint] psoas_r-P1
2026-04-07 10:13:40.658 | INFO     | myoconverter.xml.parsers:parse:59 - [PathPointParser: PathPoint] psoas_r-P2
2026-04-07 10:13:40.658 | INFO     | myoconverter.xml.parsers:parse:59 - [PathPointParser: ConditionalPathPoint] psoas_r-P3
2026-04-07 10:13:40.855 | INFO     | myoconverter.xml.parsers:parse:59 - [PathPointParser: PathPoint] psoas_r-P4
2026-04-07 10:13:40.856 | INFO     | myoconverter.xml.parsers:parse:59 - [PathPointParser: PathPoint] psoas_r-P5
2026-04-07 10:13:40.856 | INFO     | myoconverter.xml.parsers:parse:59 - [PathWrapSetParser: PathWrapSet] 
2026-04-07 10:13:40.856 | INFO     | myoconverter.xml.parsers:parse:59 - [ForceParser: Thelen2003Muscle] rect_fem_r
2026-04-07 10:13:40.856 | INFO     | myoconverter.xml.parsers:parse:59 - [PathPointParser: PathPoint] rect_fem_r-P1
2026-04-07 10:13:40.856 | INFO     | myoconverter.xml.parsers:parse:59 - [PathPointParser: ConditionalPathPoint] rect_fem_r-P2
2026-04-07 10:13:40.856 | WARNING  | myoconverter.xml.path_points.ConditionalPathPoint:parse:79 - Suitable 'anchor' PathPoint was not found for ConditionalPathPoint rect_fem_r-P2, treating this as a normal PathPoint.
2026-04-07 10:13:40.856 | INFO     | myoconverter.xml.parsers:parse:59 - [PathPointParser: MovingPathPoint] rect_fem_r-P3
2026-04-07 10:13:41.053 | INFO     | myoconverter.xml.parsers:parse:59 - [PathWrapSetParser: PathWrapSet] 
2026-04-07 10:13:41.053 | INFO     | myoconverter.xml.parsers:parse:59 - [ForceParser: Thelen2003Muscle] vas_int_r
2026-04-07 10:13:41.053 | INFO     | myoconverter.xml.parsers:parse:59 - [PathPointParser: PathPoint] vas_int_r-P1
2026-04-07 10:13:41.053 | INFO     | myoconverter.xml.parsers:parse:59 - [PathPointParser: PathPoint] vas_int_r-P2
2026-04-07 10:13:41.053 | INFO     | myoconverter.xml.parsers:parse:59 - [PathPointParser: ConditionalPathPoint] vas_int_r-P3
2026-04-07 10:13:41.233 | INFO     | myoconverter.xml.parsers:parse:59 - [PathPointParser: MovingPathPoint] vas_int_r-P4
2026-04-07 10:13:41.432 | INFO     | myoconverter.xml.parsers:parse:59 - [PathWrapSetParser: PathWrapSet] 
2026-04-07 10:13:41.432 | INFO     | myoconverter.xml.parsers:parse:59 - [ForceParser: Thelen2003Muscle] med_gas_r
2026-04-07 10:13:41.433 | INFO     | myoconverter.xml.parsers:parse:59 - [PathPointParser: PathPoint] med_gas_r-P1
2026-04-07 10:13:41.433 | INFO     | myoconverter.xml.parsers:parse:59 - [PathPointParser: ConditionalPathPoint] med_gas_r-P2
2026-04-07 10:13:41.621 | INFO     | myoconverter.xml.parsers:parse:59 - [PathPointParser: PathPoint] med_gas_r-P3
2026-04-07 10:13:41.621 | INFO     | myoconverter.xml.parsers:parse:59 - [PathWrapSetParser: PathWrapSet] 
2026-04-07 10:13:41.621 | INFO     | myoconverter.xml.parsers:parse:59 - [ForceParser: Thelen2003Muscle] soleus_r
2026-04-07 10:13:41.622 | INFO     | myoconverter.xml.parsers:parse:59 - [PathPointParser: PathPoint] soleus_r-P1
2026-04-07 10:13:41.622 | INFO     | myoconverter.xml.parsers:parse:59 - [PathPointParser: PathPoint] soleus_r-P2
2026-04-07 10:13:41.622 | INFO     | myoconverter.xml.parsers:parse:59 - [PathWrapSetParser: PathWrapSet] 
2026-04-07 10:13:41.622 | INFO     | myoconverter.xml.parsers:parse:59 - [ForceParser: Thelen2003Muscle] tib_ant_r
2026-04-07 10:13:41.622 | INFO     | myoconverter.xml.parsers:parse:59 - [PathPointParser: PathPoint] tib_ant_r-P1
2026-04-07 10:13:41.622 | INFO     | myoconverter.xml.parsers:parse:59 - [PathPointParser: PathPoint] tib_ant_r-P2
2026-04-07 10:13:41.622 | INFO     | myoconverter.xml.parsers:parse:59 - [PathPointParser: PathPoint] tib_ant_r-P3
2026-04-07 10:13:41.622 | INFO     | myoconverter.xml.parsers:parse:59 - [PathWrapSetParser: PathWrapSet] 
2026-04-07 10:13:41.622 | INFO     | myoconverter.xml.converter:_parse_markers:165 - Starting to parse markers
2026-04-07 10:13:41.622 | INFO     | myoconverter.xml.parsers:parse:59 - [MarkerParser: Marker] R.ASIS
2026-04-07 10:13:41.622 | INFO     | myoconverter.xml.parsers:parse:59 - [MarkerParser: Marker] L.ASIS
2026-04-07 10:13:41.622 | INFO     | myoconverter.xml.parsers:parse:59 - [MarkerParser: Marker] V.Sacral
2026-04-07 10:13:41.622 | INFO     | myoconverter.xml.parsers:parse:59 - [MarkerParser: Marker] R.Thigh.Upper
2026-04-07 10:13:41.622 | INFO     | myoconverter.xml.parsers:parse:59 - [MarkerParser: Marker] R.Thigh.Front
2026-04-07 10:13:41.623 | INFO     | myoconverter.xml.parsers:parse:59 - [MarkerParser: Marker] R.Thigh.Rear
2026-04-07 10:13:41.623 | INFO     | myoconverter.xml.parsers:parse:59 - [MarkerParser: Marker] R.Shank.Upper
2026-04-07 10:13:41.623 | INFO     | myoconverter.xml.parsers:parse:59 - [MarkerParser: Marker] R.Shank.Front
2026-04-07 10:13:41.623 | INFO     | myoconverter.xml.parsers:parse:59 - [MarkerParser: Marker] R.Shank.Rear
2026-04-07 10:13:41.623 | INFO     | myoconverter.xml.parsers:parse:59 - [MarkerParser: Marker] R.Heel
2026-04-07 10:13:41.623 | INFO     | myoconverter.xml.parsers:parse:59 - [MarkerParser: Marker] R.Midfoot.Lat
2026-04-07 10:13:41.623 | INFO     | myoconverter.xml.parsers:parse:59 - [MarkerParser: Marker] R.Toe.Tip
2026-04-07 10:13:41.623 | INFO     | myoconverter.xml.converter:_set_keyframe:176 - Setting the default keyframe
2026-04-07 10:13:41.624 | INFO     | myoconverter.xml.converter:convert:65 - Writing the converted model into ./models/mjc/Leg6Dof9Musc/leg6dof9musc_cvt1.xml
2026-04-07 10:13:41.624 | INFO     | myoconverter.xml.converter:convert:68 - All good, conversion procedure is finished
2026-04-07 10:13:41.624 | INFO     | myoconverter.conversion_steps.O2MSteps:PipelineExecution:126 - Finished step 1 conversion - cvt1.
2026-04-07 10:13:41.624 | INFO     | myoconverter.conversion_steps.O2MSteps:PipelineExecution:132 - Started step 1 validation - val1.
2026-04-07 10:13:41.624 | INFO     | myoconverter.conversion_steps.O2MStep1:vlt1_forwardKinematicsValidation:123 - Extract marker names (as endpoints) from osim model
2026-04-07 10:13:41.642 | INFO     | myoconverter.conversion_steps.O2MStep1:vlt1_forwardKinematicsValidation:145 - Get the endpoint locations by meshing the joint angles within the range limits
2026-04-07 10:13:42.106 | INFO     | myoconverter.conversion_steps.O2MStep1:vlt1_forwardKinematicsValidation:152 - Check if the joint motion ranges are the same between Osim and Mjc models
2026-04-07 10:13:42.106 | INFO     | myoconverter.conversion_steps.O2MStep1:vlt1_forwardKinematicsValidation:172 - Finished with joint operation range check. Saved Results
2026-04-07 10:13:42.106 | INFO     | myoconverter.conversion_steps.O2MStep1:endPointsPlot:180 - Plot each endpoint's location errors in x, y, z.
2026-04-07 10:13:42.106 | INFO     | myoconverter.conversion_steps.O2MStep1:endPointsPlot:192 - Endpoint : R.ASIS
2026-04-07 10:13:42.177 | INFO     | myoconverter.conversion_steps.O2MStep1:endPointsPlot:192 - Endpoint : L.ASIS
2026-04-07 10:13:42.241 | INFO     | myoconverter.conversion_steps.O2MStep1:endPointsPlot:192 - Endpoint : V.Sacral
2026-04-07 10:13:42.307 | INFO     | myoconverter.conversion_steps.O2MStep1:endPointsPlot:192 - Endpoint : R.Thigh.Upper
2026-04-07 10:13:42.371 | INFO     | myoconverter.conversion_steps.O2MStep1:endPointsPlot:192 - Endpoint : R.Thigh.Front
2026-04-07 10:13:42.438 | INFO     | myoconverter.conversion_steps.O2MStep1:endPointsPlot:192 - Endpoint : R.Thigh.Rear
2026-04-07 10:13:42.603 | INFO     | myoconverter.conversion_steps.O2MStep1:endPointsPlot:192 - Endpoint : R.Shank.Upper
2026-04-07 10:13:42.672 | INFO     | myoconverter.conversion_steps.O2MStep1:endPointsPlot:192 - Endpoint : R.Shank.Front
2026-04-07 10:13:42.740 | INFO     | myoconverter.conversion_steps.O2MStep1:endPointsPlot:192 - Endpoint : R.Shank.Rear
2026-04-07 10:13:42.805 | INFO     | myoconverter.conversion_steps.O2MStep1:endPointsPlot:192 - Endpoint : R.Heel
2026-04-07 10:13:42.870 | INFO     | myoconverter.conversion_steps.O2MStep1:endPointsPlot:192 - Endpoint : R.Midfoot.Lat
2026-04-07 10:13:42.938 | INFO     | myoconverter.conversion_steps.O2MStep1:endPointsPlot:192 - Endpoint : R.Toe.Tip
2026-04-07 10:13:43.004 | INFO     | myoconverter.conversion_steps.O2MStep1:endPointsPlot:256 - Generate overall error Bar plot
2026-04-07 10:13:43.066 | INFO     | myoconverter.conversion_steps.O2MSteps:PipelineExecution:142 - Finished step 1 validation - val1.
2026-04-07 10:13:43.066 | INFO     | myoconverter.conversion_steps.O2MSteps:PipelineExecution:171 - xxx_cvt2 model already exist, process from it
2026-04-07 10:13:43.090 | INFO     | myoconverter.conversion_steps.O2MStep2:__init__:102 - Overwrite command confirmed
2026-04-07 10:13:43.090 | INFO     | myoconverter.conversion_steps.O2MStep2:__init__:103 - Generating MA data from OsimMuscleStates, may take a while
2026-04-07 10:13:43.090 | INFO     | myoconverter.optimization.model_states.OsimMuscleStates:getWrapingCoords:65 - Extract the joints that muscle wrapped over from Osim model
2026-04-07 10:13:43.605 | INFO     | myoconverter.optimization.model_states.OsimMuscleStates:getMomentArms:163 - Calculate moment arms from Osim model
2026-04-07 10:13:43.605 | INFO     | myoconverter.optimization.model_states.OsimMuscleStates:getMomentArms:168 - Muscle: bifemlh_r
2026-04-07 10:13:44.829 | INFO     | myoconverter.optimization.model_states.OsimMuscleStates:getMomentArms:168 - Muscle: bifemsh_r
2026-04-07 10:13:44.930 | INFO     | myoconverter.optimization.model_states.OsimMuscleStates:getMomentArms:168 - Muscle: glut_max2_r
2026-04-07 10:13:45.045 | INFO     | myoconverter.optimization.model_states.OsimMuscleStates:getMomentArms:168 - Muscle: psoas_r
2026-04-07 10:13:45.168 | INFO     | myoconverter.optimization.model_states.OsimMuscleStates:getMomentArms:168 - Muscle: rect_fem_r
2026-04-07 10:13:46.359 | INFO     | myoconverter.optimization.model_states.OsimMuscleStates:getMomentArms:168 - Muscle: vas_int_r
2026-04-07 10:13:46.497 | INFO     | myoconverter.optimization.model_states.OsimMuscleStates:getMomentArms:168 - Muscle: med_gas_r
2026-04-07 10:13:47.681 | INFO     | myoconverter.optimization.model_states.OsimMuscleStates:getMomentArms:168 - Muscle: soleus_r
2026-04-07 10:13:47.793 | INFO     | myoconverter.optimization.model_states.OsimMuscleStates:getMomentArms:168 - Muscle: tib_ant_r
2026-04-07 10:13:47.951 | INFO     | myoconverter.conversion_steps.O2MStep2:__init__:173 - Finished cvt2 initialize
2026-04-07 10:13:47.951 | INFO     | myoconverter.conversion_steps.O2MSteps:PipelineExecution:198 - Started step 2 conversion - cvt2.
2026-04-07 10:13:47.951 | INFO     | myoconverter.conversion_steps.O2MStep2:optMomentArms:191 - Running MA optimization with the given muscle list one by one
2026-04-07 10:13:47.951 | INFO     | myoconverter.conversion_steps.O2MStep2:optMomentArms:195 - Muscle : bifemlh_r 
2026-04-07 10:13:47.951 | INFO     | myoconverter.conversion_steps.O2MStep2:optMomentArms:208 -     At joints: hip_flexion_r
2026-04-07 10:13:47.979 | INFO     | myoconverter.conversion_steps.O2MStep2:optMomentArms:227 -     Start MA optimization
2026-04-07 10:13:47.979 | INFO     | myoconverter.conversion_steps.O2MStep2:optMomentArms:231 -     No wrapping information extracted, skipped
2026-04-07 10:13:47.979 | INFO     | myoconverter.conversion_steps.O2MStep2:optMomentArms:195 - Muscle : bifemsh_r 
2026-04-07 10:13:47.980 | INFO     | myoconverter.conversion_steps.O2MStep2:optMomentArms:208 -     At joints: knee_angle_r
2026-04-07 10:13:47.984 | INFO     | myoconverter.conversion_steps.O2MStep2:optMomentArms:227 -     Start MA optimization
2026-04-07 10:13:47.984 | INFO     | myoconverter.conversion_steps.O2MStep2:optMomentArms:231 -     No wrapping information extracted, skipped
2026-04-07 10:13:47.984 | INFO     | myoconverter.conversion_steps.O2MStep2:optMomentArms:195 - Muscle : glut_max2_r 
2026-04-07 10:13:47.984 | INFO     | myoconverter.conversion_steps.O2MStep2:optMomentArms:208 -     At joints: hip_flexion_r
2026-04-07 10:13:47.987 | INFO     | myoconverter.conversion_steps.O2MStep2:optMomentArms:220 -     MA errors between Osim and Mjc models are smaller than throshold, optimization skipped
2026-04-07 10:13:47.987 | INFO     | myoconverter.conversion_steps.O2MStep2:optMomentArms:195 - Muscle : psoas_r 
2026-04-07 10:13:47.987 | INFO     | myoconverter.conversion_steps.O2MStep2:optMomentArms:208 -     At joints: hip_flexion_r
2026-04-07 10:13:47.990 | INFO     | myoconverter.conversion_steps.O2MStep2:optMomentArms:227 -     Start MA optimization
2026-04-07 10:13:47.990 | INFO     | myoconverter.conversion_steps.O2MStep2:optMomentArms:231 -     No wrapping information extracted, skipped
2026-04-07 10:13:47.990 | INFO     | myoconverter.conversion_steps.O2MStep2:optMomentArms:195 - Muscle : rect_fem_r 
2026-04-07 10:13:47.990 | INFO     | myoconverter.conversion_steps.O2MStep2:optMomentArms:208 -     At joints: hip_flexion_r
2026-04-07 10:13:48.011 | INFO     | myoconverter.conversion_steps.O2MStep2:optMomentArms:227 -     Start MA optimization
2026-04-07 10:13:48.011 | INFO     | myoconverter.conversion_steps.O2MStep2:optMomentArms:231 -     No wrapping information extracted, skipped
2026-04-07 10:13:48.011 | INFO     | myoconverter.conversion_steps.O2MStep2:optMomentArms:195 - Muscle : vas_int_r 
2026-04-07 10:13:48.011 | INFO     | myoconverter.conversion_steps.O2MStep2:optMomentArms:208 -     At joints: knee_angle_r
2026-04-07 10:13:48.015 | INFO     | myoconverter.conversion_steps.O2MStep2:optMomentArms:227 -     Start MA optimization
2026-04-07 10:13:48.015 | INFO     | myoconverter.conversion_steps.O2MStep2:optMomentArms:231 -     No wrapping information extracted, skipped
2026-04-07 10:13:48.015 | INFO     | myoconverter.conversion_steps.O2MStep2:optMomentArms:195 - Muscle : med_gas_r 
2026-04-07 10:13:48.015 | INFO     | myoconverter.conversion_steps.O2MStep2:optMomentArms:208 -     At joints: ankle_angle_r
2026-04-07 10:13:48.037 | INFO     | myoconverter.conversion_steps.O2MStep2:optMomentArms:227 -     Start MA optimization
2026-04-07 10:13:48.037 | INFO     | myoconverter.conversion_steps.O2MStep2:optMomentArms:231 -     No wrapping information extracted, skipped
2026-04-07 10:13:48.037 | INFO     | myoconverter.conversion_steps.O2MStep2:optMomentArms:195 - Muscle : soleus_r 
2026-04-07 10:13:48.037 | INFO     | myoconverter.conversion_steps.O2MStep2:optMomentArms:208 -     At joints: ankle_angle_r
2026-04-07 10:13:48.039 | INFO     | myoconverter.conversion_steps.O2MStep2:optMomentArms:220 -     MA errors between Osim and Mjc models are smaller than throshold, optimization skipped
2026-04-07 10:13:48.040 | INFO     | myoconverter.conversion_steps.O2MStep2:optMomentArms:195 - Muscle : tib_ant_r 
2026-04-07 10:13:48.040 | INFO     | myoconverter.conversion_steps.O2MStep2:optMomentArms:208 -     At joints: ankle_angle_r
2026-04-07 10:13:48.042 | INFO     | myoconverter.conversion_steps.O2MStep2:optMomentArms:220 -     MA errors between Osim and Mjc models are smaller than throshold, optimization skipped
2026-04-07 10:13:48.043 | INFO     | myoconverter.conversion_steps.O2MSteps:PipelineExecution:200 - Finished step 2 conversion - cvt2.
2026-04-07 10:13:48.043 | INFO     | myoconverter.conversion_steps.O2MSteps:PipelineExecution:206 - Started step 2 validation - val2.
2026-04-07 10:13:49.136 | INFO     | myoconverter.conversion_steps.O2MSteps:PipelineExecution:208 - Finished step 2 validation - val2.
2026-04-07 10:13:49.136 | INFO     | myoconverter.conversion_steps.O2MSteps:PipelineExecution:233 - xxx_cvt3 model already exist, process from it
2026-04-07 10:13:49.161 | INFO     | myoconverter.conversion_steps.O2MStep3:__init__:96 - Overwrite command confirmed
2026-04-07 10:13:49.161 | INFO     | myoconverter.conversion_steps.O2MStep3:__init__:97 - Generating force map data from OsimMuscleStates, may take a while
2026-04-07 10:13:49.161 | INFO     | myoconverter.optimization.model_states.OsimMuscleStates:getWrapingCoords:65 - Extract the joints that muscle wrapped over from Osim model
2026-04-07 10:13:49.720 | INFO     | myoconverter.optimization.model_states.OsimMuscleStates:getMuscleForceMaps:267 - Calculate muscle force curves from Osim model
2026-04-07 10:13:49.720 | INFO     | myoconverter.optimization.model_states.OsimMuscleStates:getMuscleForceMaps:272 - Muscle: bifemlh_r
2026-04-07 10:13:51.207 | INFO     | myoconverter.optimization.model_states.OsimMuscleStates:getMuscleForceMaps:272 - Muscle: bifemsh_r
2026-04-07 10:13:51.382 | INFO     | myoconverter.optimization.model_states.OsimMuscleStates:getMuscleForceMaps:272 - Muscle: glut_max2_r
2026-04-07 10:13:51.597 | INFO     | myoconverter.optimization.model_states.OsimMuscleStates:getMuscleForceMaps:272 - Muscle: psoas_r
2026-04-07 10:13:51.820 | INFO     | myoconverter.optimization.model_states.OsimMuscleStates:getMuscleForceMaps:272 - Muscle: rect_fem_r
2026-04-07 10:13:53.096 | INFO     | myoconverter.optimization.model_states.OsimMuscleStates:getMuscleForceMaps:272 - Muscle: vas_int_r
2026-04-07 10:13:53.312 | INFO     | myoconverter.optimization.model_states.OsimMuscleStates:getMuscleForceMaps:272 - Muscle: med_gas_r
2026-04-07 10:13:54.775 | INFO     | myoconverter.optimization.model_states.OsimMuscleStates:getMuscleForceMaps:272 - Muscle: soleus_r
2026-04-07 10:13:54.999 | INFO     | myoconverter.optimization.model_states.OsimMuscleStates:getMuscleForceMaps:272 - Muscle: tib_ant_r
2026-04-07 10:13:55.245 | INFO     | myoconverter.conversion_steps.O2MStep3:__init__:195 - Finished cvt3 initialize ...
2026-04-07 10:13:55.245 | INFO     | myoconverter.conversion_steps.O2MSteps:PipelineExecution:260 - Started step 3 conversion - cvt3.
2026-04-07 10:13:55.245 | INFO     | myoconverter.conversion_steps.O2MStep3:optMuscleForce:208 - Running MF optimization with the given muscle list one by one
2026-04-07 10:13:55.249 | INFO     | myoconverter.conversion_steps.O2MStep3:optMuscleForce:273 - Muscle : bifemlh_r 
2026-04-07 10:13:55.371 | INFO     | myoconverter.optimization.utils.UtilsForceOpt:fmOptPSO_cust:189 -         PSO iteration: 0 ; 0 percentage similarities; Best obj: 0.10434
2026-04-07 10:13:55.407 | INFO     | myoconverter.optimization.utils.UtilsForceOpt:fmOptPSO_cust:189 -         PSO iteration: 1 ; 1 percentage similarities; Best obj: 0.08046
2026-04-07 10:13:55.442 | INFO     | myoconverter.optimization.utils.UtilsForceOpt:fmOptPSO_cust:189 -         PSO iteration: 2 ; 2 percentage similarities; Best obj: 0.07819
2026-04-07 10:13:55.479 | INFO     | myoconverter.optimization.utils.UtilsForceOpt:fmOptPSO_cust:189 -         PSO iteration: 3 ; 1 percentage similarities; Best obj: 0.07819
2026-04-07 10:13:55.514 | INFO     | myoconverter.optimization.utils.UtilsForceOpt:fmOptPSO_cust:189 -         PSO iteration: 4 ; 1 percentage similarities; Best obj: 0.07819
2026-04-07 10:13:55.548 | INFO     | myoconverter.optimization.utils.UtilsForceOpt:fmOptPSO_cust:189 -         PSO iteration: 5 ; 1 percentage similarities; Best obj: 0.07819
2026-04-07 10:13:55.587 | INFO     | myoconverter.optimization.utils.UtilsForceOpt:fmOptPSO_cust:189 -         PSO iteration: 6 ; 1 percentage similarities; Best obj: 0.07819
2026-04-07 10:13:55.623 | INFO     | myoconverter.optimization.utils.UtilsForceOpt:fmOptPSO_cust:189 -         PSO iteration: 7 ; 1 percentage similarities; Best obj: 0.07819
2026-04-07 10:13:55.661 | INFO     | myoconverter.optimization.utils.UtilsForceOpt:fmOptPSO_cust:189 -         PSO iteration: 8 ; 1 percentage similarities; Best obj: 0.07819
2026-04-07 10:13:55.701 | INFO     | myoconverter.optimization.utils.UtilsForceOpt:fmOptPSO_cust:189 -         PSO iteration: 9 ; 4 percentage similarities; Best obj: 0.07548
2026-04-07 10:13:55.736 | INFO     | myoconverter.optimization.utils.UtilsForceOpt:fmOptPSO_cust:189 -         PSO iteration: 10 ; 2 percentage similarities; Best obj: 0.07396
2026-04-07 10:13:55.771 | INFO     | myoconverter.optimization.utils.UtilsForceOpt:fmOptPSO_cust:189 -         PSO iteration: 11 ; 2 percentage similarities; Best obj: 0.0737
2026-04-07 10:13:55.805 | INFO     | myoconverter.optimization.utils.UtilsForceOpt:fmOptPSO_cust:189 -         PSO iteration: 12 ; 2 percentage similarities; Best obj: 0.07322
2026-04-07 10:13:55.839 | INFO     | myoconverter.optimization.utils.UtilsForceOpt:fmOptPSO_cust:189 -         PSO iteration: 13 ; 2 percentage similarities; Best obj: 0.07311
2026-04-07 10:13:55.875 | INFO     | myoconverter.optimization.utils.UtilsForceOpt:fmOptPSO_cust:189 -         PSO iteration: 14 ; 5 percentage similarities; Best obj: 0.07201
2026-04-07 10:13:55.913 | INFO     | myoconverter.optimization.utils.UtilsForceOpt:fmOptPSO_cust:189 -         PSO iteration: 15 ; 2 percentage similarities; Best obj: 0.07179
2026-04-07 10:13:55.949 | INFO     | myoconverter.optimization.utils.UtilsForceOpt:fmOptPSO_cust:189 -         PSO iteration: 16 ; 2 percentage similarities; Best obj: 0.07175
2026-04-07 10:13:55.988 | INFO     | myoconverter.optimization.utils.UtilsForceOpt:fmOptPSO_cust:189 -         PSO iteration: 17 ; 8 percentage similarities; Best obj: 0.07163
2026-04-07 10:13:56.024 | INFO     | myoconverter.optimization.utils.UtilsForceOpt:fmOptPSO_cust:189 -         PSO iteration: 18 ; 16 percentage similarities; Best obj: 0.07154
2026-04-07 10:13:56.060 | INFO     | myoconverter.optimization.utils.UtilsForceOpt:fmOptPSO_cust:189 -         PSO iteration: 19 ; 39 percentage similarities; Best obj: 0.07148
2026-04-07 10:13:56.060 | INFO     | myoconverter.optimization.utils.UtilsForceOpt:fmOptPSO_cust:197 -         Break the optimization, since certain number of similar particles reached
2026-04-07 10:13:56.075 | INFO     | myoconverter.conversion_steps.O2MStep3:optMuscleForce:273 - Muscle : bifemsh_r 
2026-04-07 10:13:56.192 | INFO     | myoconverter.optimization.utils.UtilsForceOpt:fmOptPSO_cust:189 -         PSO iteration: 0 ; 0 percentage similarities; Best obj: 0.05581
2026-04-07 10:13:56.221 | INFO     | myoconverter.optimization.utils.UtilsForceOpt:fmOptPSO_cust:189 -         PSO iteration: 1 ; 1 percentage similarities; Best obj: 0.04908
2026-04-07 10:13:56.248 | INFO     | myoconverter.optimization.utils.UtilsForceOpt:fmOptPSO_cust:189 -         PSO iteration: 2 ; 1 percentage similarities; Best obj: 0.04908
2026-04-07 10:13:56.277 | INFO     | myoconverter.optimization.utils.UtilsForceOpt:fmOptPSO_cust:189 -         PSO iteration: 3 ; 1 percentage similarities; Best obj: 0.04908
2026-04-07 10:13:56.305 | INFO     | myoconverter.optimization.utils.UtilsForceOpt:fmOptPSO_cust:189 -         PSO iteration: 4 ; 1 percentage similarities; Best obj: 0.04458
2026-04-07 10:13:56.336 | INFO     | myoconverter.optimization.utils.UtilsForceOpt:fmOptPSO_cust:189 -         PSO iteration: 5 ; 1 percentage similarities; Best obj: 0.04197
2026-04-07 10:13:56.363 | INFO     | myoconverter.optimization.utils.UtilsForceOpt:fmOptPSO_cust:189 -         PSO iteration: 6 ; 1 percentage similarities; Best obj: 0.03137
2026-04-07 10:13:56.389 | INFO     | myoconverter.optimization.utils.UtilsForceOpt:fmOptPSO_cust:189 -         PSO iteration: 7 ; 1 percentage similarities; Best obj: 0.02662
2026-04-07 10:13:56.417 | INFO     | myoconverter.optimization.utils.UtilsForceOpt:fmOptPSO_cust:189 -         PSO iteration: 8 ; 1 percentage similarities; Best obj: 0.02592
2026-04-07 10:13:56.448 | INFO     | myoconverter.optimization.utils.UtilsForceOpt:fmOptPSO_cust:189 -         PSO iteration: 9 ; 1 percentage similarities; Best obj: 0.02578
2026-04-07 10:13:56.477 | INFO     | myoconverter.optimization.utils.UtilsForceOpt:fmOptPSO_cust:189 -         PSO iteration: 10 ; 1 percentage similarities; Best obj: 0.02055
2026-04-07 10:13:56.507 | INFO     | myoconverter.optimization.utils.UtilsForceOpt:fmOptPSO_cust:189 -         PSO iteration: 11 ; 1 percentage similarities; Best obj: 0.01951
2026-04-07 10:13:56.535 | INFO     | myoconverter.optimization.utils.UtilsForceOpt:fmOptPSO_cust:189 -         PSO iteration: 12 ; 1 percentage similarities; Best obj: 0.01928
2026-04-07 10:13:56.561 | INFO     | myoconverter.optimization.utils.UtilsForceOpt:fmOptPSO_cust:189 -         PSO iteration: 13 ; 1 percentage similarities; Best obj: 0.01922
2026-04-07 10:13:56.590 | INFO     | myoconverter.optimization.utils.UtilsForceOpt:fmOptPSO_cust:189 -         PSO iteration: 14 ; 1 percentage similarities; Best obj: 0.01921
2026-04-07 10:13:56.619 | INFO     | myoconverter.optimization.utils.UtilsForceOpt:fmOptPSO_cust:189 -         PSO iteration: 15 ; 1 percentage similarities; Best obj: 0.01857
2026-04-07 10:13:56.650 | INFO     | myoconverter.optimization.utils.UtilsForceOpt:fmOptPSO_cust:189 -         PSO iteration: 16 ; 1 percentage similarities; Best obj: 0.01838
2026-04-07 10:13:56.680 | INFO     | myoconverter.optimization.utils.UtilsForceOpt:fmOptPSO_cust:189 -         PSO iteration: 17 ; 1 percentage similarities; Best obj: 0.01797
2026-04-07 10:13:56.708 | INFO     | myoconverter.optimization.utils.UtilsForceOpt:fmOptPSO_cust:189 -         PSO iteration: 18 ; 2 percentage similarities; Best obj: 0.01773
2026-04-07 10:13:56.736 | INFO     | myoconverter.optimization.utils.UtilsForceOpt:fmOptPSO_cust:189 -         PSO iteration: 19 ; 2 percentage similarities; Best obj: 0.01767
2026-04-07 10:13:56.763 | INFO     | myoconverter.optimization.utils.UtilsForceOpt:fmOptPSO_cust:189 -         PSO iteration: 20 ; 2 percentage similarities; Best obj: 0.01764
2026-04-07 10:13:56.791 | INFO     | myoconverter.optimization.utils.UtilsForceOpt:fmOptPSO_cust:189 -         PSO iteration: 21 ; 4 percentage similarities; Best obj: 0.01752
2026-04-07 10:13:56.821 | INFO     | myoconverter.optimization.utils.UtilsForceOpt:fmOptPSO_cust:189 -         PSO iteration: 22 ; 2 percentage similarities; Best obj: 0.0175
2026-04-07 10:13:56.851 | INFO     | myoconverter.optimization.utils.UtilsForceOpt:fmOptPSO_cust:189 -         PSO iteration: 23 ; 9 percentage similarities; Best obj: 0.01749
2026-04-07 10:13:56.876 | INFO     | myoconverter.optimization.utils.UtilsForceOpt:fmOptPSO_cust:189 -         PSO iteration: 24 ; 11 percentage similarities; Best obj: 0.01748
2026-04-07 10:13:56.905 | INFO     | myoconverter.optimization.utils.UtilsForceOpt:fmOptPSO_cust:189 -         PSO iteration: 25 ; 14 percentage similarities; Best obj: 0.01747
2026-04-07 10:13:56.933 | INFO     | myoconverter.optimization.utils.UtilsForceOpt:fmOptPSO_cust:189 -         PSO iteration: 26 ; 15 percentage similarities; Best obj: 0.01747
2026-04-07 10:13:56.961 | INFO     | myoconverter.optimization.utils.UtilsForceOpt:fmOptPSO_cust:189 -         PSO iteration: 27 ; 16 percentage similarities; Best obj: 0.01747
2026-04-07 10:13:56.989 | INFO     | myoconverter.optimization.utils.UtilsForceOpt:fmOptPSO_cust:189 -         PSO iteration: 28 ; 16 percentage similarities; Best obj: 0.01743
2026-04-07 10:13:57.019 | INFO     | myoconverter.optimization.utils.UtilsForceOpt:fmOptPSO_cust:189 -         PSO iteration: 29 ; 18 percentage similarities; Best obj: 0.01742
2026-04-07 10:13:57.048 | INFO     | myoconverter.optimization.utils.UtilsForceOpt:fmOptPSO_cust:189 -         PSO iteration: 30 ; 21 percentage similarities; Best obj: 0.01742
2026-04-07 10:13:57.074 | INFO     | myoconverter.optimization.utils.UtilsForceOpt:fmOptPSO_cust:189 -         PSO iteration: 31 ; 26 percentage similarities; Best obj: 0.01742
2026-04-07 10:13:57.104 | INFO     | myoconverter.optimization.utils.UtilsForceOpt:fmOptPSO_cust:189 -         PSO iteration: 32 ; 26 percentage similarities; Best obj: 0.0174
2026-04-07 10:13:57.130 | INFO     | myoconverter.optimization.utils.UtilsForceOpt:fmOptPSO_cust:189 -         PSO iteration: 33 ; 41 percentage similarities; Best obj: 0.01739
2026-04-07 10:13:57.130 | INFO     | myoconverter.optimization.utils.UtilsForceOpt:fmOptPSO_cust:197 -         Break the optimization, since certain number of similar particles reached
2026-04-07 10:13:57.145 | INFO     | myoconverter.conversion_steps.O2MStep3:optMuscleForce:273 - Muscle : glut_max2_r 
2026-04-07 10:13:57.260 | INFO     | myoconverter.optimization.utils.UtilsForceOpt:fmOptPSO_cust:189 -         PSO iteration: 0 ; 0 percentage similarities; Best obj: 0.09276
2026-04-07 10:13:57.284 | INFO     | myoconverter.optimization.utils.UtilsForceOpt:fmOptPSO_cust:189 -         PSO iteration: 1 ; 1 percentage similarities; Best obj: 0.09276
2026-04-07 10:13:57.305 | INFO     | myoconverter.optimization.utils.UtilsForceOpt:fmOptPSO_cust:189 -         PSO iteration: 2 ; 1 percentage similarities; Best obj: 0.07002
2026-04-07 10:13:57.328 | INFO     | myoconverter.optimization.utils.UtilsForceOpt:fmOptPSO_cust:189 -         PSO iteration: 3 ; 1 percentage similarities; Best obj: 0.06029
2026-04-07 10:13:57.351 | INFO     | myoconverter.optimization.utils.UtilsForceOpt:fmOptPSO_cust:189 -         PSO iteration: 4 ; 1 percentage similarities; Best obj: 0.05804
2026-04-07 10:13:57.373 | INFO     | myoconverter.optimization.utils.UtilsForceOpt:fmOptPSO_cust:189 -         PSO iteration: 5 ; 1 percentage similarities; Best obj: 0.05749
2026-04-07 10:13:57.396 | INFO     | myoconverter.optimization.utils.UtilsForceOpt:fmOptPSO_cust:189 -         PSO iteration: 6 ; 1 percentage similarities; Best obj: 0.05735
2026-04-07 10:13:57.418 | INFO     | myoconverter.optimization.utils.UtilsForceOpt:fmOptPSO_cust:189 -         PSO iteration: 7 ; 1 percentage similarities; Best obj: 0.05732
2026-04-07 10:13:57.440 | INFO     | myoconverter.optimization.utils.UtilsForceOpt:fmOptPSO_cust:189 -         PSO iteration: 8 ; 1 percentage similarities; Best obj: 0.05731
2026-04-07 10:13:57.462 | INFO     | myoconverter.optimization.utils.UtilsForceOpt:fmOptPSO_cust:189 -         PSO iteration: 9 ; 1 percentage similarities; Best obj: 0.05479
2026-04-07 10:13:57.485 | INFO     | myoconverter.optimization.utils.UtilsForceOpt:fmOptPSO_cust:189 -         PSO iteration: 10 ; 1 percentage similarities; Best obj: 0.05402
2026-04-07 10:13:57.506 | INFO     | myoconverter.optimization.utils.UtilsForceOpt:fmOptPSO_cust:189 -         PSO iteration: 11 ; 1 percentage similarities; Best obj: 0.05385
2026-04-07 10:13:57.529 | INFO     | myoconverter.optimization.utils.UtilsForceOpt:fmOptPSO_cust:189 -         PSO iteration: 12 ; 2 percentage similarities; Best obj: 0.05339
2026-04-07 10:13:57.552 | INFO     | myoconverter.optimization.utils.UtilsForceOpt:fmOptPSO_cust:189 -         PSO iteration: 13 ; 2 percentage similarities; Best obj: 0.05051
2026-04-07 10:13:57.575 | INFO     | myoconverter.optimization.utils.UtilsForceOpt:fmOptPSO_cust:189 -         PSO iteration: 14 ; 1 percentage similarities; Best obj: 0.04935
2026-04-07 10:13:57.599 | INFO     | myoconverter.optimization.utils.UtilsForceOpt:fmOptPSO_cust:189 -         PSO iteration: 15 ; 2 percentage similarities; Best obj: 0.04459
2026-04-07 10:13:57.621 | INFO     | myoconverter.optimization.utils.UtilsForceOpt:fmOptPSO_cust:189 -         PSO iteration: 16 ; 1 percentage similarities; Best obj: 0.04379
2026-04-07 10:13:57.643 | INFO     | myoconverter.optimization.utils.UtilsForceOpt:fmOptPSO_cust:189 -         PSO iteration: 17 ; 1 percentage similarities; Best obj: 0.04362
2026-04-07 10:13:57.665 | INFO     | myoconverter.optimization.utils.UtilsForceOpt:fmOptPSO_cust:189 -         PSO iteration: 18 ; 1 percentage similarities; Best obj: 0.04358
2026-04-07 10:13:57.690 | INFO     | myoconverter.optimization.utils.UtilsForceOpt:fmOptPSO_cust:189 -         PSO iteration: 19 ; 1 percentage similarities; Best obj: 0.04357
2026-04-07 10:13:57.713 | INFO     | myoconverter.optimization.utils.UtilsForceOpt:fmOptPSO_cust:189 -         PSO iteration: 20 ; 1 percentage similarities; Best obj: 0.04315
2026-04-07 10:13:57.736 | INFO     | myoconverter.optimization.utils.UtilsForceOpt:fmOptPSO_cust:189 -         PSO iteration: 21 ; 2 percentage similarities; Best obj: 0.04299
2026-04-07 10:13:57.758 | INFO     | myoconverter.optimization.utils.UtilsForceOpt:fmOptPSO_cust:189 -         PSO iteration: 22 ; 5 percentage similarities; Best obj: 0.04273
2026-04-07 10:13:57.781 | INFO     | myoconverter.optimization.utils.UtilsForceOpt:fmOptPSO_cust:189 -         PSO iteration: 23 ; 5 percentage similarities; Best obj: 0.04256
2026-04-07 10:13:57.803 | INFO     | myoconverter.optimization.utils.UtilsForceOpt:fmOptPSO_cust:189 -         PSO iteration: 24 ; 8 percentage similarities; Best obj: 0.0425
2026-04-07 10:13:57.826 | INFO     | myoconverter.optimization.utils.UtilsForceOpt:fmOptPSO_cust:189 -         PSO iteration: 25 ; 16 percentage similarities; Best obj: 0.04244
2026-04-07 10:13:57.849 | INFO     | myoconverter.optimization.utils.UtilsForceOpt:fmOptPSO_cust:189 -         PSO iteration: 26 ; 24 percentage similarities; Best obj: 0.04243
2026-04-07 10:13:57.873 | INFO     | myoconverter.optimization.utils.UtilsForceOpt:fmOptPSO_cust:189 -         PSO iteration: 27 ; 36 percentage similarities; Best obj: 0.0424
2026-04-07 10:13:57.873 | INFO     | myoconverter.optimization.utils.UtilsForceOpt:fmOptPSO_cust:197 -         Break the optimization, since certain number of similar particles reached
2026-04-07 10:13:57.889 | INFO     | myoconverter.conversion_steps.O2MStep3:optMuscleForce:273 - Muscle : psoas_r 
2026-04-07 10:13:57.999 | INFO     | myoconverter.optimization.utils.UtilsForceOpt:fmOptPSO_cust:189 -         PSO iteration: 0 ; 0 percentage similarities; Best obj: 0.11113
2026-04-07 10:13:58.022 | INFO     | myoconverter.optimization.utils.UtilsForceOpt:fmOptPSO_cust:189 -         PSO iteration: 1 ; 1 percentage similarities; Best obj: 0.11113
2026-04-07 10:13:58.044 | INFO     | myoconverter.optimization.utils.UtilsForceOpt:fmOptPSO_cust:189 -         PSO iteration: 2 ; 1 percentage similarities; Best obj: 0.11113
2026-04-07 10:13:58.066 | INFO     | myoconverter.optimization.utils.UtilsForceOpt:fmOptPSO_cust:189 -         PSO iteration: 3 ; 1 percentage similarities; Best obj: 0.11113
2026-04-07 10:13:58.087 | INFO     | myoconverter.optimization.utils.UtilsForceOpt:fmOptPSO_cust:189 -         PSO iteration: 4 ; 1 percentage similarities; Best obj: 0.11113
2026-04-07 10:13:58.108 | INFO     | myoconverter.optimization.utils.UtilsForceOpt:fmOptPSO_cust:189 -         PSO iteration: 5 ; 2 percentage similarities; Best obj: 0.08004
2026-04-07 10:13:58.129 | INFO     | myoconverter.optimization.utils.UtilsForceOpt:fmOptPSO_cust:189 -         PSO iteration: 6 ; 1 percentage similarities; Best obj: 0.07373
2026-04-07 10:13:58.152 | INFO     | myoconverter.optimization.utils.UtilsForceOpt:fmOptPSO_cust:189 -         PSO iteration: 7 ; 1 percentage similarities; Best obj: 0.07227
2026-04-07 10:13:58.174 | INFO     | myoconverter.optimization.utils.UtilsForceOpt:fmOptPSO_cust:189 -         PSO iteration: 8 ; 1 percentage similarities; Best obj: 0.07192
2026-04-07 10:13:58.198 | INFO     | myoconverter.optimization.utils.UtilsForceOpt:fmOptPSO_cust:189 -         PSO iteration: 9 ; 1 percentage similarities; Best obj: 0.06537
2026-04-07 10:13:58.220 | INFO     | myoconverter.optimization.utils.UtilsForceOpt:fmOptPSO_cust:189 -         PSO iteration: 10 ; 1 percentage similarities; Best obj: 0.05342
2026-04-07 10:13:58.242 | INFO     | myoconverter.optimization.utils.UtilsForceOpt:fmOptPSO_cust:189 -         PSO iteration: 11 ; 1 percentage similarities; Best obj: 0.05066
2026-04-07 10:13:58.264 | INFO     | myoconverter.optimization.utils.UtilsForceOpt:fmOptPSO_cust:189 -         PSO iteration: 12 ; 1 percentage similarities; Best obj: 0.05005
2026-04-07 10:13:58.287 | INFO     | myoconverter.optimization.utils.UtilsForceOpt:fmOptPSO_cust:189 -         PSO iteration: 13 ; 1 percentage similarities; Best obj: 0.0499
2026-04-07 10:13:58.309 | INFO     | myoconverter.optimization.utils.UtilsForceOpt:fmOptPSO_cust:189 -         PSO iteration: 14 ; 1 percentage similarities; Best obj: 0.04478
2026-04-07 10:13:58.330 | INFO     | myoconverter.optimization.utils.UtilsForceOpt:fmOptPSO_cust:189 -         PSO iteration: 15 ; 1 percentage similarities; Best obj: 0.04146
2026-04-07 10:13:58.354 | INFO     | myoconverter.optimization.utils.UtilsForceOpt:fmOptPSO_cust:189 -         PSO iteration: 16 ; 1 percentage similarities; Best obj: 0.03868
2026-04-07 10:13:58.376 | INFO     | myoconverter.optimization.utils.UtilsForceOpt:fmOptPSO_cust:189 -         PSO iteration: 17 ; 1 percentage similarities; Best obj: 0.0378
2026-04-07 10:13:58.400 | INFO     | myoconverter.optimization.utils.UtilsForceOpt:fmOptPSO_cust:189 -         PSO iteration: 18 ; 1 percentage similarities; Best obj: 0.03759
2026-04-07 10:13:58.422 | INFO     | myoconverter.optimization.utils.UtilsForceOpt:fmOptPSO_cust:189 -         PSO iteration: 19 ; 1 percentage similarities; Best obj: 0.03754
2026-04-07 10:13:58.444 | INFO     | myoconverter.optimization.utils.UtilsForceOpt:fmOptPSO_cust:189 -         PSO iteration: 20 ; 2 percentage similarities; Best obj: 0.03541
2026-04-07 10:13:58.467 | INFO     | myoconverter.optimization.utils.UtilsForceOpt:fmOptPSO_cust:189 -         PSO iteration: 21 ; 1 percentage similarities; Best obj: 0.03501
2026-04-07 10:13:58.490 | INFO     | myoconverter.optimization.utils.UtilsForceOpt:fmOptPSO_cust:189 -         PSO iteration: 22 ; 1 percentage similarities; Best obj: 0.03492
2026-04-07 10:13:58.512 | INFO     | myoconverter.optimization.utils.UtilsForceOpt:fmOptPSO_cust:189 -         PSO iteration: 23 ; 1 percentage similarities; Best obj: 0.0349
2026-04-07 10:13:58.537 | INFO     | myoconverter.optimization.utils.UtilsForceOpt:fmOptPSO_cust:189 -         PSO iteration: 24 ; 1 percentage similarities; Best obj: 0.03489
2026-04-07 10:13:58.561 | INFO     | myoconverter.optimization.utils.UtilsForceOpt:fmOptPSO_cust:189 -         PSO iteration: 25 ; 6 percentage similarities; Best obj: 0.03474
2026-04-07 10:13:58.583 | INFO     | myoconverter.optimization.utils.UtilsForceOpt:fmOptPSO_cust:189 -         PSO iteration: 26 ; 6 percentage similarities; Best obj: 0.03467
2026-04-07 10:13:58.605 | INFO     | myoconverter.optimization.utils.UtilsForceOpt:fmOptPSO_cust:189 -         PSO iteration: 27 ; 8 percentage similarities; Best obj: 0.03455
2026-04-07 10:13:58.626 | INFO     | myoconverter.optimization.utils.UtilsForceOpt:fmOptPSO_cust:189 -         PSO iteration: 28 ; 8 percentage similarities; Best obj: 0.03431
2026-04-07 10:13:58.652 | INFO     | myoconverter.optimization.utils.UtilsForceOpt:fmOptPSO_cust:189 -         PSO iteration: 29 ; 9 percentage similarities; Best obj: 0.03426
2026-04-07 10:13:58.686 | INFO     | myoconverter.optimization.utils.UtilsForceOpt:fmOptPSO_cust:189 -         PSO iteration: 30 ; 9 percentage similarities; Best obj: 0.03425
2026-04-07 10:13:58.713 | INFO     | myoconverter.optimization.utils.UtilsForceOpt:fmOptPSO_cust:189 -         PSO iteration: 31 ; 9 percentage similarities; Best obj: 0.03421
2026-04-07 10:13:58.736 | INFO     | myoconverter.optimization.utils.UtilsForceOpt:fmOptPSO_cust:189 -         PSO iteration: 32 ; 9 percentage similarities; Best obj: 0.03419
2026-04-07 10:13:58.760 | INFO     | myoconverter.optimization.utils.UtilsForceOpt:fmOptPSO_cust:189 -         PSO iteration: 33 ; 9 percentage similarities; Best obj: 0.03413
2026-04-07 10:13:58.783 | INFO     | myoconverter.optimization.utils.UtilsForceOpt:fmOptPSO_cust:189 -         PSO iteration: 34 ; 10 percentage similarities; Best obj: 0.03408
2026-04-07 10:13:58.805 | INFO     | myoconverter.optimization.utils.UtilsForceOpt:fmOptPSO_cust:189 -         PSO iteration: 35 ; 11 percentage similarities; Best obj: 0.03407
2026-04-07 10:13:58.828 | INFO     | myoconverter.optimization.utils.UtilsForceOpt:fmOptPSO_cust:189 -         PSO iteration: 36 ; 11 percentage similarities; Best obj: 0.03407
2026-04-07 10:13:58.851 | INFO     | myoconverter.optimization.utils.UtilsForceOpt:fmOptPSO_cust:189 -         PSO iteration: 37 ; 18 percentage similarities; Best obj: 0.03406
2026-04-07 10:13:58.873 | INFO     | myoconverter.optimization.utils.UtilsForceOpt:fmOptPSO_cust:189 -         PSO iteration: 38 ; 21 percentage similarities; Best obj: 0.03405
2026-04-07 10:13:58.895 | INFO     | myoconverter.optimization.utils.UtilsForceOpt:fmOptPSO_cust:189 -         PSO iteration: 39 ; 31 percentage similarities; Best obj: 0.03405
2026-04-07 10:13:58.917 | INFO     | myoconverter.optimization.utils.UtilsForceOpt:fmOptPSO_cust:189 -         PSO iteration: 40 ; 48 percentage similarities; Best obj: 0.03405
2026-04-07 10:13:58.917 | INFO     | myoconverter.optimization.utils.UtilsForceOpt:fmOptPSO_cust:197 -         Break the optimization, since certain number of similar particles reached
2026-04-07 10:13:58.937 | INFO     | myoconverter.conversion_steps.O2MStep3:optMuscleForce:273 - Muscle : rect_fem_r 
2026-04-07 10:13:59.059 | INFO     | myoconverter.optimization.utils.UtilsForceOpt:fmOptPSO_cust:189 -         PSO iteration: 0 ; 0 percentage similarities; Best obj: 0.22582
2026-04-07 10:13:59.093 | INFO     | myoconverter.optimization.utils.UtilsForceOpt:fmOptPSO_cust:189 -         PSO iteration: 1 ; 1 percentage similarities; Best obj: 0.19192
2026-04-07 10:13:59.125 | INFO     | myoconverter.optimization.utils.UtilsForceOpt:fmOptPSO_cust:189 -         PSO iteration: 2 ; 1 percentage similarities; Best obj: 0.19192
2026-04-07 10:13:59.162 | INFO     | myoconverter.optimization.utils.UtilsForceOpt:fmOptPSO_cust:189 -         PSO iteration: 3 ; 1 percentage similarities; Best obj: 0.19192
2026-04-07 10:13:59.196 | INFO     | myoconverter.optimization.utils.UtilsForceOpt:fmOptPSO_cust:189 -         PSO iteration: 4 ; 1 percentage similarities; Best obj: 0.18798
2026-04-07 10:13:59.229 | INFO     | myoconverter.optimization.utils.UtilsForceOpt:fmOptPSO_cust:189 -         PSO iteration: 5 ; 1 percentage similarities; Best obj: 0.18605
2026-04-07 10:13:59.266 | INFO     | myoconverter.optimization.utils.UtilsForceOpt:fmOptPSO_cust:189 -         PSO iteration: 6 ; 2 percentage similarities; Best obj: 0.18515
2026-04-07 10:13:59.300 | INFO     | myoconverter.optimization.utils.UtilsForceOpt:fmOptPSO_cust:189 -         PSO iteration: 7 ; 6 percentage similarities; Best obj: 0.18427
2026-04-07 10:13:59.331 | INFO     | myoconverter.optimization.utils.UtilsForceOpt:fmOptPSO_cust:189 -         PSO iteration: 8 ; 10 percentage similarities; Best obj: 0.18308
2026-04-07 10:13:59.378 | INFO     | myoconverter.optimization.utils.UtilsForceOpt:fmOptPSO_cust:189 -         PSO iteration: 9 ; 10 percentage similarities; Best obj: 0.18237
2026-04-07 10:13:59.417 | INFO     | myoconverter.optimization.utils.UtilsForceOpt:fmOptPSO_cust:189 -         PSO iteration: 10 ; 18 percentage similarities; Best obj: 0.18218
2026-04-07 10:13:59.452 | INFO     | myoconverter.optimization.utils.UtilsForceOpt:fmOptPSO_cust:189 -         PSO iteration: 11 ; 19 percentage similarities; Best obj: 0.18205
2026-04-07 10:13:59.488 | INFO     | myoconverter.optimization.utils.UtilsForceOpt:fmOptPSO_cust:189 -         PSO iteration: 12 ; 21 percentage similarities; Best obj: 0.18194
2026-04-07 10:13:59.523 | INFO     | myoconverter.optimization.utils.UtilsForceOpt:fmOptPSO_cust:189 -         PSO iteration: 13 ; 22 percentage similarities; Best obj: 0.1814
2026-04-07 10:13:59.556 | INFO     | myoconverter.optimization.utils.UtilsForceOpt:fmOptPSO_cust:189 -         PSO iteration: 14 ; 25 percentage similarities; Best obj: 0.18131
2026-04-07 10:13:59.592 | INFO     | myoconverter.optimization.utils.UtilsForceOpt:fmOptPSO_cust:189 -         PSO iteration: 15 ; 45 percentage similarities; Best obj: 0.1812
2026-04-07 10:13:59.592 | INFO     | myoconverter.optimization.utils.UtilsForceOpt:fmOptPSO_cust:197 -         Break the optimization, since certain number of similar particles reached
2026-04-07 10:13:59.609 | INFO     | myoconverter.conversion_steps.O2MStep3:optMuscleForce:273 - Muscle : vas_int_r 
2026-04-07 10:13:59.727 | INFO     | myoconverter.optimization.utils.UtilsForceOpt:fmOptPSO_cust:189 -         PSO iteration: 0 ; 0 percentage similarities; Best obj: 0.11032
2026-04-07 10:13:59.755 | INFO     | myoconverter.optimization.utils.UtilsForceOpt:fmOptPSO_cust:189 -         PSO iteration: 1 ; 1 percentage similarities; Best obj: 0.06654
2026-04-07 10:13:59.783 | INFO     | myoconverter.optimization.utils.UtilsForceOpt:fmOptPSO_cust:189 -         PSO iteration: 2 ; 1 percentage similarities; Best obj: 0.06654
2026-04-07 10:13:59.812 | INFO     | myoconverter.optimization.utils.UtilsForceOpt:fmOptPSO_cust:189 -         PSO iteration: 3 ; 1 percentage similarities; Best obj: 0.04908
2026-04-07 10:13:59.840 | INFO     | myoconverter.optimization.utils.UtilsForceOpt:fmOptPSO_cust:189 -         PSO iteration: 4 ; 1 percentage similarities; Best obj: 0.03842
2026-04-07 10:13:59.869 | INFO     | myoconverter.optimization.utils.UtilsForceOpt:fmOptPSO_cust:189 -         PSO iteration: 5 ; 1 percentage similarities; Best obj: 0.03598
2026-04-07 10:13:59.904 | INFO     | myoconverter.optimization.utils.UtilsForceOpt:fmOptPSO_cust:189 -         PSO iteration: 6 ; 1 percentage similarities; Best obj: 0.0354
2026-04-07 10:13:59.931 | INFO     | myoconverter.optimization.utils.UtilsForceOpt:fmOptPSO_cust:189 -         PSO iteration: 7 ; 1 percentage similarities; Best obj: 0.02684
2026-04-07 10:13:59.960 | INFO     | myoconverter.optimization.utils.UtilsForceOpt:fmOptPSO_cust:189 -         PSO iteration: 8 ; 1 percentage similarities; Best obj: 0.02684
2026-04-07 10:13:59.988 | INFO     | myoconverter.optimization.utils.UtilsForceOpt:fmOptPSO_cust:189 -         PSO iteration: 9 ; 1 percentage similarities; Best obj: 0.02684
2026-04-07 10:14:00.020 | INFO     | myoconverter.optimization.utils.UtilsForceOpt:fmOptPSO_cust:189 -         PSO iteration: 10 ; 1 percentage similarities; Best obj: 0.02684
2026-04-07 10:14:00.053 | INFO     | myoconverter.optimization.utils.UtilsForceOpt:fmOptPSO_cust:189 -         PSO iteration: 11 ; 1 percentage similarities; Best obj: 0.02494
2026-04-07 10:14:00.080 | INFO     | myoconverter.optimization.utils.UtilsForceOpt:fmOptPSO_cust:189 -         PSO iteration: 12 ; 1 percentage similarities; Best obj: 0.02379
2026-04-07 10:14:00.107 | INFO     | myoconverter.optimization.utils.UtilsForceOpt:fmOptPSO_cust:189 -         PSO iteration: 13 ; 2 percentage similarities; Best obj: 0.02204
2026-04-07 10:14:00.135 | INFO     | myoconverter.optimization.utils.UtilsForceOpt:fmOptPSO_cust:189 -         PSO iteration: 14 ; 2 percentage similarities; Best obj: 0.02149
2026-04-07 10:14:00.165 | INFO     | myoconverter.optimization.utils.UtilsForceOpt:fmOptPSO_cust:189 -         PSO iteration: 15 ; 1 percentage similarities; Best obj: 0.02138
2026-04-07 10:14:00.194 | INFO     | myoconverter.optimization.utils.UtilsForceOpt:fmOptPSO_cust:189 -         PSO iteration: 16 ; 2 percentage similarities; Best obj: 0.02062
2026-04-07 10:14:00.222 | INFO     | myoconverter.optimization.utils.UtilsForceOpt:fmOptPSO_cust:189 -         PSO iteration: 17 ; 2 percentage similarities; Best obj: 0.02049
2026-04-07 10:14:00.251 | INFO     | myoconverter.optimization.utils.UtilsForceOpt:fmOptPSO_cust:189 -         PSO iteration: 18 ; 5 percentage similarities; Best obj: 0.02034
2026-04-07 10:14:00.279 | INFO     | myoconverter.optimization.utils.UtilsForceOpt:fmOptPSO_cust:189 -         PSO iteration: 19 ; 6 percentage similarities; Best obj: 0.02031
2026-04-07 10:14:00.307 | INFO     | myoconverter.optimization.utils.UtilsForceOpt:fmOptPSO_cust:189 -         PSO iteration: 20 ; 6 percentage similarities; Best obj: 0.0203
2026-04-07 10:14:00.337 | INFO     | myoconverter.optimization.utils.UtilsForceOpt:fmOptPSO_cust:189 -         PSO iteration: 21 ; 11 percentage similarities; Best obj: 0.0203
2026-04-07 10:14:00.366 | INFO     | myoconverter.optimization.utils.UtilsForceOpt:fmOptPSO_cust:189 -         PSO iteration: 22 ; 18 percentage similarities; Best obj: 0.02029
2026-04-07 10:14:00.395 | INFO     | myoconverter.optimization.utils.UtilsForceOpt:fmOptPSO_cust:189 -         PSO iteration: 23 ; 26 percentage similarities; Best obj: 0.02026
2026-04-07 10:14:00.423 | INFO     | myoconverter.optimization.utils.UtilsForceOpt:fmOptPSO_cust:189 -         PSO iteration: 24 ; 36 percentage similarities; Best obj: 0.02025
2026-04-07 10:14:00.453 | INFO     | myoconverter.optimization.utils.UtilsForceOpt:fmOptPSO_cust:189 -         PSO iteration: 25 ; 46 percentage similarities; Best obj: 0.02024
2026-04-07 10:14:00.454 | INFO     | myoconverter.optimization.utils.UtilsForceOpt:fmOptPSO_cust:197 -         Break the optimization, since certain number of similar particles reached
2026-04-07 10:14:00.471 | INFO     | myoconverter.conversion_steps.O2MStep3:optMuscleForce:273 - Muscle : med_gas_r 
2026-04-07 10:14:00.598 | INFO     | myoconverter.optimization.utils.UtilsForceOpt:fmOptPSO_cust:189 -         PSO iteration: 0 ; 0 percentage similarities; Best obj: 0.04633
2026-04-07 10:14:00.632 | INFO     | myoconverter.optimization.utils.UtilsForceOpt:fmOptPSO_cust:189 -         PSO iteration: 1 ; 1 percentage similarities; Best obj: 0.04633
2026-04-07 10:14:00.665 | INFO     | myoconverter.optimization.utils.UtilsForceOpt:fmOptPSO_cust:189 -         PSO iteration: 2 ; 1 percentage similarities; Best obj: 0.04633
2026-04-07 10:14:00.698 | INFO     | myoconverter.optimization.utils.UtilsForceOpt:fmOptPSO_cust:189 -         PSO iteration: 3 ; 1 percentage similarities; Best obj: 0.04633
2026-04-07 10:14:00.730 | INFO     | myoconverter.optimization.utils.UtilsForceOpt:fmOptPSO_cust:189 -         PSO iteration: 4 ; 1 percentage similarities; Best obj: 0.04522
2026-04-07 10:14:00.763 | INFO     | myoconverter.optimization.utils.UtilsForceOpt:fmOptPSO_cust:189 -         PSO iteration: 5 ; 1 percentage similarities; Best obj: 0.04083
2026-04-07 10:14:00.796 | INFO     | myoconverter.optimization.utils.UtilsForceOpt:fmOptPSO_cust:189 -         PSO iteration: 6 ; 1 percentage similarities; Best obj: 0.03991
2026-04-07 10:14:00.828 | INFO     | myoconverter.optimization.utils.UtilsForceOpt:fmOptPSO_cust:189 -         PSO iteration: 7 ; 1 percentage similarities; Best obj: 0.0397
2026-04-07 10:14:00.862 | INFO     | myoconverter.optimization.utils.UtilsForceOpt:fmOptPSO_cust:189 -         PSO iteration: 8 ; 1 percentage similarities; Best obj: 0.03965
2026-04-07 10:14:00.897 | INFO     | myoconverter.optimization.utils.UtilsForceOpt:fmOptPSO_cust:189 -         PSO iteration: 9 ; 1 percentage similarities; Best obj: 0.03963
2026-04-07 10:14:00.930 | INFO     | myoconverter.optimization.utils.UtilsForceOpt:fmOptPSO_cust:189 -         PSO iteration: 10 ; 1 percentage similarities; Best obj: 0.03858
2026-04-07 10:14:00.964 | INFO     | myoconverter.optimization.utils.UtilsForceOpt:fmOptPSO_cust:189 -         PSO iteration: 11 ; 1 percentage similarities; Best obj: 0.0383
2026-04-07 10:14:00.997 | INFO     | myoconverter.optimization.utils.UtilsForceOpt:fmOptPSO_cust:189 -         PSO iteration: 12 ; 1 percentage similarities; Best obj: 0.03755
2026-04-07 10:14:01.031 | INFO     | myoconverter.optimization.utils.UtilsForceOpt:fmOptPSO_cust:189 -         PSO iteration: 13 ; 1 percentage similarities; Best obj: 0.03718
2026-04-07 10:14:01.065 | INFO     | myoconverter.optimization.utils.UtilsForceOpt:fmOptPSO_cust:189 -         PSO iteration: 14 ; 4 percentage similarities; Best obj: 0.03696
2026-04-07 10:14:01.100 | INFO     | myoconverter.optimization.utils.UtilsForceOpt:fmOptPSO_cust:189 -         PSO iteration: 15 ; 4 percentage similarities; Best obj: 0.0368
2026-04-07 10:14:01.133 | INFO     | myoconverter.optimization.utils.UtilsForceOpt:fmOptPSO_cust:189 -         PSO iteration: 16 ; 4 percentage similarities; Best obj: 0.03671
2026-04-07 10:14:01.167 | INFO     | myoconverter.optimization.utils.UtilsForceOpt:fmOptPSO_cust:189 -         PSO iteration: 17 ; 4 percentage similarities; Best obj: 0.03597
2026-04-07 10:14:01.201 | INFO     | myoconverter.optimization.utils.UtilsForceOpt:fmOptPSO_cust:189 -         PSO iteration: 18 ; 1 percentage similarities; Best obj: 0.03567
2026-04-07 10:14:01.235 | INFO     | myoconverter.optimization.utils.UtilsForceOpt:fmOptPSO_cust:189 -         PSO iteration: 19 ; 4 percentage similarities; Best obj: 0.0355
2026-04-07 10:14:01.270 | INFO     | myoconverter.optimization.utils.UtilsForceOpt:fmOptPSO_cust:189 -         PSO iteration: 20 ; 4 percentage similarities; Best obj: 0.03543
2026-04-07 10:14:01.304 | INFO     | myoconverter.optimization.utils.UtilsForceOpt:fmOptPSO_cust:189 -         PSO iteration: 21 ; 5 percentage similarities; Best obj: 0.0354
2026-04-07 10:14:01.338 | INFO     | myoconverter.optimization.utils.UtilsForceOpt:fmOptPSO_cust:189 -         PSO iteration: 22 ; 5 percentage similarities; Best obj: 0.03534
2026-04-07 10:14:01.371 | INFO     | myoconverter.optimization.utils.UtilsForceOpt:fmOptPSO_cust:189 -         PSO iteration: 23 ; 5 percentage similarities; Best obj: 0.03528
2026-04-07 10:14:01.407 | INFO     | myoconverter.optimization.utils.UtilsForceOpt:fmOptPSO_cust:189 -         PSO iteration: 24 ; 11 percentage similarities; Best obj: 0.03513
2026-04-07 10:14:01.441 | INFO     | myoconverter.optimization.utils.UtilsForceOpt:fmOptPSO_cust:189 -         PSO iteration: 25 ; 9 percentage similarities; Best obj: 0.0349
2026-04-07 10:14:01.476 | INFO     | myoconverter.optimization.utils.UtilsForceOpt:fmOptPSO_cust:189 -         PSO iteration: 26 ; 15 percentage similarities; Best obj: 0.03484
2026-04-07 10:14:01.510 | INFO     | myoconverter.optimization.utils.UtilsForceOpt:fmOptPSO_cust:189 -         PSO iteration: 27 ; 19 percentage similarities; Best obj: 0.03482
2026-04-07 10:14:01.546 | INFO     | myoconverter.optimization.utils.UtilsForceOpt:fmOptPSO_cust:189 -         PSO iteration: 28 ; 21 percentage similarities; Best obj: 0.03482
2026-04-07 10:14:01.578 | INFO     | myoconverter.optimization.utils.UtilsForceOpt:fmOptPSO_cust:189 -         PSO iteration: 29 ; 22 percentage similarities; Best obj: 0.03482
2026-04-07 10:14:01.612 | INFO     | myoconverter.optimization.utils.UtilsForceOpt:fmOptPSO_cust:189 -         PSO iteration: 30 ; 25 percentage similarities; Best obj: 0.03477
2026-04-07 10:14:01.646 | INFO     | myoconverter.optimization.utils.UtilsForceOpt:fmOptPSO_cust:189 -         PSO iteration: 31 ; 28 percentage similarities; Best obj: 0.03476
2026-04-07 10:14:01.680 | INFO     | myoconverter.optimization.utils.UtilsForceOpt:fmOptPSO_cust:189 -         PSO iteration: 32 ; 29 percentage similarities; Best obj: 0.03473
2026-04-07 10:14:01.714 | INFO     | myoconverter.optimization.utils.UtilsForceOpt:fmOptPSO_cust:189 -         PSO iteration: 33 ; 39 percentage similarities; Best obj: 0.03471
2026-04-07 10:14:01.750 | INFO     | myoconverter.optimization.utils.UtilsForceOpt:fmOptPSO_cust:189 -         PSO iteration: 34 ; 41 percentage similarities; Best obj: 0.03471
2026-04-07 10:14:01.750 | INFO     | myoconverter.optimization.utils.UtilsForceOpt:fmOptPSO_cust:197 -         Break the optimization, since certain number of similar particles reached
2026-04-07 10:14:01.767 | INFO     | myoconverter.conversion_steps.O2MStep3:optMuscleForce:273 - Muscle : soleus_r 
2026-04-07 10:14:01.872 | INFO     | myoconverter.optimization.utils.UtilsForceOpt:fmOptPSO_cust:189 -         PSO iteration: 0 ; 0 percentage similarities; Best obj: 0.09747
2026-04-07 10:14:01.891 | INFO     | myoconverter.optimization.utils.UtilsForceOpt:fmOptPSO_cust:189 -         PSO iteration: 1 ; 1 percentage similarities; Best obj: 0.09747
2026-04-07 10:14:01.909 | INFO     | myoconverter.optimization.utils.UtilsForceOpt:fmOptPSO_cust:189 -         PSO iteration: 2 ; 1 percentage similarities; Best obj: 0.09747
2026-04-07 10:14:01.932 | INFO     | myoconverter.optimization.utils.UtilsForceOpt:fmOptPSO_cust:189 -         PSO iteration: 3 ; 1 percentage similarities; Best obj: 0.05224
2026-04-07 10:14:01.951 | INFO     | myoconverter.optimization.utils.UtilsForceOpt:fmOptPSO_cust:189 -         PSO iteration: 4 ; 1 percentage similarities; Best obj: 0.04597
2026-04-07 10:14:01.969 | INFO     | myoconverter.optimization.utils.UtilsForceOpt:fmOptPSO_cust:189 -         PSO iteration: 5 ; 1 percentage similarities; Best obj: 0.04573
2026-04-07 10:14:01.987 | INFO     | myoconverter.optimization.utils.UtilsForceOpt:fmOptPSO_cust:189 -         PSO iteration: 6 ; 1 percentage similarities; Best obj: 0.04062
2026-04-07 10:14:02.004 | INFO     | myoconverter.optimization.utils.UtilsForceOpt:fmOptPSO_cust:189 -         PSO iteration: 7 ; 1 percentage similarities; Best obj: 0.03777
2026-04-07 10:14:02.021 | INFO     | myoconverter.optimization.utils.UtilsForceOpt:fmOptPSO_cust:189 -         PSO iteration: 8 ; 1 percentage similarities; Best obj: 0.03587
2026-04-07 10:14:02.039 | INFO     | myoconverter.optimization.utils.UtilsForceOpt:fmOptPSO_cust:189 -         PSO iteration: 9 ; 2 percentage similarities; Best obj: 0.03405
2026-04-07 10:14:02.057 | INFO     | myoconverter.optimization.utils.UtilsForceOpt:fmOptPSO_cust:189 -         PSO iteration: 10 ; 1 percentage similarities; Best obj: 0.03364
2026-04-07 10:14:02.075 | INFO     | myoconverter.optimization.utils.UtilsForceOpt:fmOptPSO_cust:189 -         PSO iteration: 11 ; 1 percentage similarities; Best obj: 0.03339
2026-04-07 10:14:02.094 | INFO     | myoconverter.optimization.utils.UtilsForceOpt:fmOptPSO_cust:189 -         PSO iteration: 12 ; 2 percentage similarities; Best obj: 0.03195
2026-04-07 10:14:02.114 | INFO     | myoconverter.optimization.utils.UtilsForceOpt:fmOptPSO_cust:189 -         PSO iteration: 13 ; 1 percentage similarities; Best obj: 0.03149
2026-04-07 10:14:02.131 | INFO     | myoconverter.optimization.utils.UtilsForceOpt:fmOptPSO_cust:189 -         PSO iteration: 14 ; 1 percentage similarities; Best obj: 0.03126
2026-04-07 10:14:02.149 | INFO     | myoconverter.optimization.utils.UtilsForceOpt:fmOptPSO_cust:189 -         PSO iteration: 15 ; 5 percentage similarities; Best obj: 0.03084
2026-04-07 10:14:02.167 | INFO     | myoconverter.optimization.utils.UtilsForceOpt:fmOptPSO_cust:189 -         PSO iteration: 16 ; 4 percentage similarities; Best obj: 0.03008
2026-04-07 10:14:02.185 | INFO     | myoconverter.optimization.utils.UtilsForceOpt:fmOptPSO_cust:189 -         PSO iteration: 17 ; 4 percentage similarities; Best obj: 0.02974
2026-04-07 10:14:02.204 | INFO     | myoconverter.optimization.utils.UtilsForceOpt:fmOptPSO_cust:189 -         PSO iteration: 18 ; 2 percentage similarities; Best obj: 0.02953
2026-04-07 10:14:02.223 | INFO     | myoconverter.optimization.utils.UtilsForceOpt:fmOptPSO_cust:189 -         PSO iteration: 19 ; 6 percentage similarities; Best obj: 0.02945
2026-04-07 10:14:02.240 | INFO     | myoconverter.optimization.utils.UtilsForceOpt:fmOptPSO_cust:189 -         PSO iteration: 20 ; 10 percentage similarities; Best obj: 0.02943
2026-04-07 10:14:02.259 | INFO     | myoconverter.optimization.utils.UtilsForceOpt:fmOptPSO_cust:189 -         PSO iteration: 21 ; 12 percentage similarities; Best obj: 0.02934
2026-04-07 10:14:02.277 | INFO     | myoconverter.optimization.utils.UtilsForceOpt:fmOptPSO_cust:189 -         PSO iteration: 22 ; 18 percentage similarities; Best obj: 0.02931
2026-04-07 10:14:02.295 | INFO     | myoconverter.optimization.utils.UtilsForceOpt:fmOptPSO_cust:189 -         PSO iteration: 23 ; 19 percentage similarities; Best obj: 0.0293
2026-04-07 10:14:02.313 | INFO     | myoconverter.optimization.utils.UtilsForceOpt:fmOptPSO_cust:189 -         PSO iteration: 24 ; 32 percentage similarities; Best obj: 0.02926
2026-04-07 10:14:02.330 | INFO     | myoconverter.optimization.utils.UtilsForceOpt:fmOptPSO_cust:189 -         PSO iteration: 25 ; 40 percentage similarities; Best obj: 0.02925
2026-04-07 10:14:02.348 | INFO     | myoconverter.optimization.utils.UtilsForceOpt:fmOptPSO_cust:189 -         PSO iteration: 26 ; 40 percentage similarities; Best obj: 0.02924
2026-04-07 10:14:02.349 | INFO     | myoconverter.optimization.utils.UtilsForceOpt:fmOptPSO_cust:197 -         Break the optimization, since certain number of similar particles reached
2026-04-07 10:14:02.364 | INFO     | myoconverter.conversion_steps.O2MStep3:optMuscleForce:273 - Muscle : tib_ant_r 
2026-04-07 10:14:02.481 | INFO     | myoconverter.optimization.utils.UtilsForceOpt:fmOptPSO_cust:189 -         PSO iteration: 0 ; 0 percentage similarities; Best obj: 0.13278
2026-04-07 10:14:02.500 | INFO     | myoconverter.optimization.utils.UtilsForceOpt:fmOptPSO_cust:189 -         PSO iteration: 1 ; 2 percentage similarities; Best obj: 0.06184
2026-04-07 10:14:02.519 | INFO     | myoconverter.optimization.utils.UtilsForceOpt:fmOptPSO_cust:189 -         PSO iteration: 2 ; 1 percentage similarities; Best obj: 0.06184
2026-04-07 10:14:02.538 | INFO     | myoconverter.optimization.utils.UtilsForceOpt:fmOptPSO_cust:189 -         PSO iteration: 3 ; 1 percentage similarities; Best obj: 0.06184
2026-04-07 10:14:02.556 | INFO     | myoconverter.optimization.utils.UtilsForceOpt:fmOptPSO_cust:189 -         PSO iteration: 4 ; 1 percentage similarities; Best obj: 0.06184
2026-04-07 10:14:02.575 | INFO     | myoconverter.optimization.utils.UtilsForceOpt:fmOptPSO_cust:189 -         PSO iteration: 5 ; 1 percentage similarities; Best obj: 0.06184
2026-04-07 10:14:02.593 | INFO     | myoconverter.optimization.utils.UtilsForceOpt:fmOptPSO_cust:189 -         PSO iteration: 6 ; 1 percentage similarities; Best obj: 0.06184
2026-04-07 10:14:02.613 | INFO     | myoconverter.optimization.utils.UtilsForceOpt:fmOptPSO_cust:189 -         PSO iteration: 7 ; 1 percentage similarities; Best obj: 0.06184
2026-04-07 10:14:02.631 | INFO     | myoconverter.optimization.utils.UtilsForceOpt:fmOptPSO_cust:189 -         PSO iteration: 8 ; 1 percentage similarities; Best obj: 0.06184
2026-04-07 10:14:02.648 | INFO     | myoconverter.optimization.utils.UtilsForceOpt:fmOptPSO_cust:189 -         PSO iteration: 9 ; 1 percentage similarities; Best obj: 0.06184
2026-04-07 10:14:02.666 | INFO     | myoconverter.optimization.utils.UtilsForceOpt:fmOptPSO_cust:189 -         PSO iteration: 10 ; 1 percentage similarities; Best obj: 0.06184
2026-04-07 10:14:02.684 | INFO     | myoconverter.optimization.utils.UtilsForceOpt:fmOptPSO_cust:189 -         PSO iteration: 11 ; 1 percentage similarities; Best obj: 0.06184
2026-04-07 10:14:02.703 | INFO     | myoconverter.optimization.utils.UtilsForceOpt:fmOptPSO_cust:189 -         PSO iteration: 12 ; 1 percentage similarities; Best obj: 0.06184
2026-04-07 10:14:02.703 | INFO     | myoconverter.optimization.utils.UtilsForceOpt:fmOptPSO_cust:209 -         Break the optimization, since global obj maintained the same value for certain iterations
2026-04-07 10:14:02.717 | INFO     | myoconverter.conversion_steps.O2MSteps:PipelineExecution:262 - Finished step 3 conversion - cvt3.
2026-04-07 10:14:02.718 | INFO     | myoconverter.conversion_steps.O2MSteps:PipelineExecution:268 - Started step 3 validation - val3.
2026-04-07 10:14:03.518 | INFO     | myoconverter.conversion_steps.O2MSteps:PipelineExecution:270 - Finished step 3 validation - val3.
2026-04-07 10:14:03.518 | INFO     | myoconverter.conversion_steps.O2MSteps:PipelineExecution:281 - Generating pdf report based on the validation results.
2026-04-07 10:14:03.518 | INFO     | myoconverter.conversion_steps.O2MSteps:PipelineExecution:282 -    This may take a while, suggest to do this after all validation steps...
2026-04-07 10:14:03.525 | INFO     | myoconverter.utils.generate_pdf:add_step1_plots:155 -    Adding vlt1 results.
2026-04-07 10:14:05.973 | INFO     | myoconverter.utils.generate_pdf:add_step2_plots:236 -    Adding vlt2 results.
2026-04-07 10:14:08.048 | INFO     | myoconverter.utils.generate_pdf:add_step3_plots:279 -    Adding vlt3 results.
